[02:54:47] [ServerMain/INFO]: [bootstrap] Running Java 21 (OpenJDK 64-Bit Server VM 21.0.8+9-Ubuntu-0ubuntu124.04.1; Ubuntu null) on Linux 6.8.0-1030-azure (amd64)
[02:54:47] [ServerMain/INFO]: [bootstrap] Loading Paper 1.21.8-6-main@782ce95 (2025-07-18T20:26:58Z) for Minecraft 1.21.8
[02:54:47] [ServerMain/INFO]: [PluginInitializerManager] Initializing plugins...
[02:54:48] [ServerMain/INFO]: [PluginInitializerManager] Initialized 4 plugins
[02:54:48] [ServerMain/INFO]: [PluginInitializerManager] Bukkit plugins (4):
 - Geyser-Spigot (2.8.2-SNAPSHOT), SkinsRestorer (15.7.7), ViaVersion (5.4.1), floodgate (2.2.4-SNAPSHOT (b117-b469c0c))
[02:54:55] [ServerMain/INFO]: Environment: Environment[sessionHost=https://sessionserver.mojang.com, servicesHost=https://api.minecraftservices.com, name=PROD]
[02:54:58] [ServerMain/INFO]: Loaded 1407 recipes
[02:54:58] [ServerMain/INFO]: Loaded 1520 advancements
[02:54:58] [ServerMain/INFO]: [ca.spottedleaf.dataconverter.minecraft.datatypes.MCTypeRegistry] Initialising converters for DataConverter...
[02:54:59] [ServerMain/INFO]: [ca.spottedleaf.dataconverter.minecraft.datatypes.MCTypeRegistry] Finished initialising converters for DataConverter in 989.9ms
[02:54:59] [Server thread/INFO]: Starting minecraft server version 1.21.8
[02:54:59] [Server thread/INFO]: Loading properties
[02:54:59] [Server thread/INFO]: This server is running Paper version 1.21.8-6-main@782ce95 (2025-07-18T20:26:58Z) (Implementing API version 1.21.8-R0.1-SNAPSHOT)
[02:55:00] [Server thread/INFO]: [spark] This server bundles the spark profiler. For more information please visit https://docs.papermc.io/paper/profiling
[02:55:00] [Server thread/INFO]: Using 4 threads for Netty based IO
[02:55:00] [Server thread/INFO]: Server Ping Player Sample Count: 12
[02:55:01] [Server thread/INFO]: [MoonriseCommon] Paper is using 1 worker threads, 1 I/O threads
[02:55:01] [Server thread/INFO]: [ChunkTaskScheduler] Chunk system is using population gen parallelism: true
[02:55:02] [Server thread/INFO]: Default game type: SURVIVAL
[02:55:02] [Server thread/INFO]: Generating keypair
[02:55:02] [Server thread/INFO]: Starting Minecraft server on *:25565
[02:55:02] [Server thread/INFO]: Using epoll channel type
[02:55:02] [Server thread/INFO]: Paper: Using libdeflate (Linux x86_64) compression from Velocity.
[02:55:02] [Server thread/INFO]: Paper: Using OpenSSL 3.x.x (Linux x86_64) cipher from Velocity.
[02:55:03] [Server thread/INFO]: [floodgate] Loading server plugin floodgate v2.2.4-SNAPSHOT (b117-b469c0c)
[02:55:04] [Server thread/WARN]: [floodgate] en_ is not a supported Floodgate language.
[02:55:04] [Server thread/INFO]: [floodgate] Took 1,182ms to boot Floodgate
[02:55:04] [Server thread/INFO]: [ViaVersion] Loading server plugin ViaVersion v5.4.1
[02:55:04] [Server thread/INFO]: [ViaVersion] ViaVersion 5.4.1 is now loaded. Registering protocol transformers and injecting...
[02:55:05] [Via-Mappingloader-0/INFO]: [ViaVersion] Loading block connection mappings ...
[02:55:06] [Via-Mappingloader-0/INFO]: [ViaVersion] Using FastUtil Long2ObjectOpenHashMap for block connections
[02:55:06] [Server thread/INFO]: [Geyser-Spigot] Loading server plugin Geyser-Spigot v2.8.2-SNAPSHOT
[02:55:07] [Server thread/INFO]: [Geyser-Spigot] Loading extensions...
[02:55:07] [Server thread/INFO]: [Geyser-Spigot] Loaded 0 extension(s)
[02:55:07] [Server thread/INFO]: [SkinsRestorer] Loading server plugin SkinsRestorer v15.7.7
[02:55:07] [Server thread/INFO]: Server permissions file permissions.yml is empty, ignoring it
[02:55:07] [Server thread/INFO]: [SkinsRestorer] Enabling SkinsRestorer v15.7.7
[02:55:08] [Server thread/INFO]: [SkinsRestorer] Running on Minecraft 1.21.8.
[02:55:08] [Server thread/INFO]: [SkinsRestorer] Floodgate skin listener registered
[02:55:09] [Server thread/INFO]: [SkinsRestorer] Using paper join listener!
[02:55:09] [Server thread/WARN]: **** SERVER IS RUNNING IN OFFLINE/INSECURE MODE!
[02:55:09] [Server thread/WARN]: The server will make no attempt to authenticate usernames. Beware.
[02:55:09] [Server thread/WARN]: While this makes the game possible to play without internet access, it also opens up the ability for hackers to connect with any username they choose.
[02:55:09] [Server thread/WARN]: To change this, set "online-mode" to "true" in the server.properties file.
[02:55:09] [Server thread/INFO]: Preparing level "world"
[02:55:09] [Folia Async Scheduler Thread #1/INFO]: [SkinsRestorer] ----------------------------------------------
[02:55:09] [Folia Async Scheduler Thread #1/INFO]: [SkinsRestorer]     +==================+
[02:55:09] [Folia Async Scheduler Thread #1/INFO]: [SkinsRestorer]     |   SkinsRestorer  |
[02:55:09] [Folia Async Scheduler Thread #1/INFO]: [SkinsRestorer]     |------------------|
[02:55:09] [Folia Async Scheduler Thread #1/INFO]: [SkinsRestorer]     |  Standalone Mode |
[02:55:09] [Folia Async Scheduler Thread #1/INFO]: [SkinsRestorer]     +==================+
[02:55:09] [Folia Async Scheduler Thread #1/INFO]: [SkinsRestorer] ----------------------------------------------
[02:55:09] [Folia Async Scheduler Thread #1/INFO]: [SkinsRestorer]     Version: 15.7.7
[02:55:09] [Folia Async Scheduler Thread #1/INFO]: [SkinsRestorer]     Commit: 7eff058
[02:55:09] [Folia Async Scheduler Thread #1/INFO]: [SkinsRestorer]     This is the latest version!
[02:55:09] [Folia Async Scheduler Thread #1/INFO]: [SkinsRestorer] ----------------------------------------------
[02:55:09] [Folia Async Scheduler Thread #1/INFO]: [SkinsRestorer] Do you have issues? Read our troubleshooting guide: https://skinsrestorer.net/docs/troubleshooting
[02:55:09] [Folia Async Scheduler Thread #1/INFO]: [SkinsRestorer] Want to support SkinsRestorer? Consider donating: https://skinsrestorer.net/donate
[02:55:10] [Server thread/INFO]: Preparing start region for dimension minecraft:overworld
[02:55:11] [Server thread/INFO]: Preparing spawn area: 0%
[02:55:11] [Server thread/INFO]: Preparing spawn area: 0%
[02:55:16] [Server thread/INFO]: Preparing spawn area: 0%
[02:55:16] [Server thread/INFO]: Preparing spawn area: 0%
[02:55:16] [Server thread/INFO]: Preparing spawn area: 0%
[02:55:16] [Server thread/INFO]: Preparing spawn area: 0%
[02:55:16] [Server thread/INFO]: Preparing spawn area: 0%
[02:55:16] [Server thread/INFO]: Preparing spawn area: 0%
[02:55:16] [Server thread/INFO]: Preparing spawn area: 0%
[02:55:16] [Server thread/INFO]: Preparing spawn area: 0%
[02:55:16] [Server thread/INFO]: Preparing spawn area: 0%
[02:55:16] [Server thread/INFO]: Preparing spawn area: 0%
[02:55:17] [Server thread/INFO]: Preparing spawn area: 0%
[02:55:17] [Server thread/INFO]: Preparing spawn area: 0%
[02:55:17] [Server thread/INFO]: Preparing spawn area: 0%
[02:55:18] [Server thread/INFO]: Preparing spawn area: 27%
[02:55:18] [Server thread/INFO]: Preparing spawn area: 44%
[02:55:19] [Server thread/INFO]: Preparing spawn area: 69%
[02:55:19] [Server thread/INFO]: Preparing spawn area: 91%
[02:55:19] [Server thread/INFO]: Time elapsed: 9284 ms
[02:55:19] [Server thread/INFO]: Preparing start region for dimension minecraft:the_nether
[02:55:19] [Server thread/INFO]: Preparing spawn area: 0%
[02:55:20] [Server thread/INFO]: Time elapsed: 177 ms
[02:55:20] [Server thread/INFO]: Preparing start region for dimension minecraft:the_end
[02:55:20] [Server thread/INFO]: Preparing spawn area: 0%
[02:55:20] [Server thread/INFO]: Time elapsed: 126 ms
[02:55:20] [Server thread/INFO]: [floodgate] Enabling floodgate v2.2.4-SNAPSHOT (b117-b469c0c)
[02:55:21] [Server thread/INFO]: [ViaVersion] Enabling ViaVersion v5.4.1
[02:55:21] [Server thread/INFO]: [ViaVersion] ViaVersion detected server version: 1.21.7 (772)
[02:55:21] [Server thread/WARN]: [ViaVersion] ViaVersion does not have any compatible versions for this server version!
[02:55:21] [Server thread/WARN]: [ViaVersion] ViaVersion only supports newer client versions. Use ViaBackwards to allow older versions (ViaRewind for 1.7/1.8) to join.
[02:55:21] [Server thread/WARN]: [ViaVersion] Get setup help at https://viaversion.com/setup or download ViaBackwards/ViaRewind directly at https://ci.viaversion.com/
[02:55:21] [Server thread/WARN]: [ViaVersion] Need more help? Join our Discord at https://viaversion.com/discord
[02:55:21] [Server thread/INFO]: [Geyser-Spigot] Enabling Geyser-Spigot v2.8.2-SNAPSHOT
[02:55:22] [Server thread/INFO]: [spark] Starting background profiler...
[02:55:23] [Server thread/INFO]: [Geyser-Spigot] ******************************************
[02:55:23] [Server thread/INFO]: [Geyser-Spigot] 
[02:55:23] [Server thread/INFO]: [Geyser-Spigot] Loading Geyser version 2.8.2-b885 (git-master-853207b)
[02:55:23] [Server thread/INFO]: [Geyser-Spigot] 
[02:55:23] [Server thread/INFO]: [Geyser-Spigot] ******************************************
[02:55:31] [epollEventLoopGroup-3-2/INFO]: [Geyser-Spigot] Started Geyser on UDP port 19132
[02:55:32] [Server thread/INFO]: [Geyser-Spigot] Done (8.982s)! Run /geyser help for help!
[02:55:32] [Server thread/INFO]: Done preparing level "world" (23.276s)
[02:55:32] [Server thread/INFO]: Running delayed init tasks
[02:55:32] [Server thread/INFO]: Done (47.094s)! For help, type "help"
[02:55:32] [Craft Scheduler Thread - 5 - ViaVersion/INFO]: [ViaVersion] Finished mapping loading, shutting down loader executor.
[02:55:33] [Server thread/WARN]: [ViaVersion] There is a newer plugin version available: 5.4.2, you're on: 5.4.1
[02:56:02] [User Authenticator #0/INFO]: UUID of player Pikemaruya is 9983ddaa-0879-3b90-976f-18533e86cd70
[02:56:02] [Server thread/INFO]: [HorriblePlayerLoginEventHack] You have plugins listening to the PlayerLoginEvent, this will cause re-configuration APIs to be unavailable: [SkinsRestorer]
[02:56:05] [Server thread/INFO]: Pikemaruya joined the game
[02:56:05] [Server thread/INFO]: Pikemaruya[/127.53.194.86:37733] logged in with entity id 341 at ([world]-2596.0265120183885, 72.0, 936.3120408627431)
[03:05:16] [Server thread/INFO]: Pikemaruya has made the advancement [Spooky Scary Skeleton]
[03:19:03] [Server thread/INFO]: Pikemaruya has made the advancement [Withering Heights]
